<html>
<body>
<pre>
<h1>礦ision Build Log</h1>
<h2>Tool Versions:</h2>
IDE-Version: μVision V5.23.0.0
Copyright (C) 2017 ARM Ltd and ARM Germany GmbH. All rights reserved.
License Information: q admin, Microsoft, LIC=KRMFW-QVZSZ-QB9EE-5FPID-IEFBL-4WHCT
 
Tool Versions:
Toolchain:       MDK-ARM Plus  Version: 5.23
Toolchain Path:  F:\Keil_v5\ARM\ARMCC\Bin
C Compiler:      Armcc.exe V5.06 update 4 (build 422)
Assembler:       Armasm.exe V5.06 update 4 (build 422)
Linker/Locator:  ArmLink.exe V5.06 update 4 (build 422)
Library Manager: ArmAr.exe V5.06 update 4 (build 422)
Hex Converter:   FromElf.exe V5.06 update 4 (build 422)
CPU DLL:         SARMCM3.DLL V5.23
Dialog DLL:      DCM.DLL V1.15.0.0
Target DLL:      Segger\JL2CM3.dll V2.99.23.0
Dialog DLL:      TCM.DLL V1.27.0.0
 
<h2>Project:</h2>
I:\庆丽霞\DPJ-G1K\软件设计\DPJ-G1K 运行程序08.02\Proj\DPJ-G1K MC.uvprojx
Project File Date:  08/02/2018

<h2>Output:</h2>
*** Using Compiler 'V5.06 update 4 (build 422)', folder: 'F:\Keil_v5\ARM\ARMCC\Bin'
Build target 'Target 1'
compiling system_stm32f4xx.c...
linking...
Program Size: Code=226376 RO-data=100732 RW-data=2180 ZI-data=154708  
FromELF: creating hex file...
After Build - User command #1: fromelf.exe --bincombined  -o  "I:\庆丽霞\DPJ-G1K\软件设计\DPJ-G1K 运行程序08.02\Proj\Objects\DPJ-G1K MC.bin"  "I:\庆丽霞\DPJ-G1K\软件设计\DPJ-G1K 运行程序08.02\Proj\Objects\DPJ-G1K MC.axf"
".\Objects\DPJ-G1K MC.axf" - 0 Error(s), 0 Warning(s).

<h2>Collection of Component include folders:</h2>
  .\RTE\_Target_1
  F:\Keil_v5\ARM\PACK\Keil\STM32F4xx_DFP\2.11.0\Drivers\CMSIS\Device\ST\STM32F4xx\Include

<h2>Collection of Component Files used:</h2>
Build Time Elapsed:  00:00:03
</pre>
</body>
</html>
